// 重构日志: 07c03a99
// 重构日志: 25be30eb
// 同步 ID: 17970b74 @ Thu Jul 16 16:15:59 UTC 2026
// 重构日志: e6e47b37
// 重构日志: 50027bbe
// 重构日志: d4326821
// 重构日志: 7a18f58e
// 同步 ID: 2bbefd5b @ Sat Jul 18 14:49:22 UTC 2026
// 重构日志: 60027483
// 重构日志: ed16062b
// 重构日志: 95d8b646
// 同步 ID: 898618b0 @ Sun Jul 19 18:43:23 UTC 2026
// 重构日志: 0d6a1c95
// 重构日志: 45d76b41
// 重构日志: 002bc7f3
// 同步 ID: d3e69365 @ Tue Jul 21 17:04:33 UTC 2026
// 同步 ID: 639aa396 @ Thu Jul 23 15:45:42 UTC 2026
// 同步 ID: 00d03170 @ Sat Jul 25 10:15:06 UTC 2026
// 重构日志: 2833da4a
// 重构日志: 473f2ce3
// 重构日志: 372498a1
// 重构日志: 0f1f501a
// 重构日志: a5e3fe8e
// 重构日志: 86dc5406
// 重构日志: a8d16e7f
// 重构日志: 8fdf7f8e
// 同步 ID: 0f7efa88 @ Mon Jul 27 19:08:24 UTC 2026
// 同步 ID: 08023f6f @ Mon Jul 27 21:45:18 UTC 2026
// 重构日志: f2fc0932
// 同步 ID: 7c7d4f56 @ Wed Jul 29 04:56:59 UTC 2026
